<?xml version="1.0" encoding="UTF-8"?>
<TestRun id="955c6931-b8cd-40c8-8389-1c0f8dc5ee09" name="Jack Fang@JACKFANG-PC 2011-03-24 23:57:22" runUser="JackFang-PC\Jack Fang" xmlns="http://microsoft.com/schemas/VisualStudio/TeamTest/2006">
  <TestRunConfiguration name="Local Test Run" id="a7e9a9a2-7ee6-4cc6-bee2-280ee5137526">
    <Description>This is a default test run configuration for a local test run.</Description>
    <Deployment runDeploymentRoot="L:\Projects\QuantumCode\src\QuantumCode.WinForm.Plugin\TestResults\Jack Fang_JACKFANG-PC 2011-03-24 23_57_22">
      <DeploymentItem filename="L:\Projects\QuantumCode\src\QuantumCode.Common\bin\Debug\QuantumCode.Common.dll" />
    </Deployment>
    <TestTypeSpecific />
  </TestRunConfiguration>
  <ResultSummary outcome="Failed">
    <Counters total="1" executed="1" error="0" failed="1" timeout="0" aborted="0" inconclusive="0" passedButRunAborted="0" notRunnable="0" notExecuted="0" disconnected="0" warning="0" passed="0" completed="0" inProgress="0" pending="0" />
  </ResultSummary>
  <Times creation="2011-03-24T23:57:22.1147801+08:00" queuing="2011-03-24T23:57:23.7678747+08:00" start="2011-03-24T23:57:24.2889045+08:00" finish="2011-03-24T23:57:25.0839500+08:00" />
  <TestDefinitions>
    <UnitTest name="TestMethod2" storage="l:\projects\quantumcode\test\quantumcode.common.test\bin\debug\quantumcode.common.test.dll" id="f4b8952c-51f2-5b90-2b18-f5ac87f6ef44">
      <Css projectStructure="" iteration="" />
      <Owners>
        <Owner name="" />
      </Owners>
      <Execution id="3cd93f37-64cf-4780-8376-6e0e3a96eeb7" />
      <TestMethod codeBase="L:\Projects\QuantumCode\test\QuantumCode.Common.Test\bin\Debug\QuantumCode.Common.Test.dll" adapterTypeName="Microsoft.VisualStudio.TestTools.TestTypes.Unit.UnitTestAdapter, Microsoft.VisualStudio.QualityTools.Tips.UnitTest.Adapter, Version=9.0.0.0, Culture=neutral, PublicKeyToken=b03f5f7f11d50a3a" className="QuantumCode.Common.Test.UnitTest1, QuantumCode.Common.Test" name="TestMethod2" />
    </UnitTest>
  </TestDefinitions>
  <TestLists>
    <TestList name="Results Not in a List" id="8c84fa94-04c1-424b-9868-57a2d4851a1d" />
    <TestList name="All Loaded Results" id="19431567-8539-422a-85d7-44ee4e166bda" />
  </TestLists>
  <TestEntries>
    <TestEntry testId="f4b8952c-51f2-5b90-2b18-f5ac87f6ef44" executionId="3cd93f37-64cf-4780-8376-6e0e3a96eeb7" testListId="8c84fa94-04c1-424b-9868-57a2d4851a1d" />
  </TestEntries>
  <Results>
    <UnitTestResult executionId="3cd93f37-64cf-4780-8376-6e0e3a96eeb7" testId="f4b8952c-51f2-5b90-2b18-f5ac87f6ef44" testName="TestMethod2" computerName="JACKFANG-PC" duration="00:00:00.0862873" startTime="2011-03-24T23:57:24.3629087+08:00" endTime="2011-03-24T23:57:25.0229465+08:00" testType="13cdc9d9-ddb5-4fa4-a97d-d965ccfc6d4b" outcome="Failed" testListId="8c84fa94-04c1-424b-9868-57a2d4851a1d">
      <Output>
        <ErrorInfo>
          <Message>Test method QuantumCode.Common.Test.UnitTest1.TestMethod2 threw exception:  System.IO.FileNotFoundException: 找不到指定的文件:L:\Projects\QuantumCode\src\QuantumCode.WinForm.Plugin\TestResults\Jack Fang_JACKFANG-PC 2011-03-24 23_57_22\test.ini.</Message>
          <StackTrace>    在 QuantumCode.Common.INIFile.ReadINI(String fullFileName) 位置 L:\Projects\QuantumCode\src\QuantumCode.Common\INIFile.cs:行号 169
   在 QuantumCode.Common.Test.UnitTest1.TestMethod2() 位置 L:\Projects\QuantumCode\test\QuantumCode.Common.Test\UnitTest1.cs:行号 81
</StackTrace>
        </ErrorInfo>
      </Output>
    </UnitTestResult>
  </Results>
</TestRun>