<?xml version="1.0" encoding="UTF-8"?>
<TestRun id="ff7b4e7e-2113-4060-9eae-ee7c227524a8" name="Jack Fang@JACKFANG-PC 2011-03-17 00:38:41" runUser="JackFang-PC\Jack Fang" xmlns="http://microsoft.com/schemas/VisualStudio/TeamTest/2006">
  <TestRunConfiguration name="Local Test Run" id="a7e9a9a2-7ee6-4cc6-bee2-280ee5137526">
    <Description>This is a default test run configuration for a local test run.</Description>
    <Deployment runDeploymentRoot="L:\Projects\QuantumCode\src\QuantumCode.WinForm.Plugin\TestResults\Jack Fang_JACKFANG-PC 2011-03-17 00_38_41">
      <DeploymentItem filename="L:\Projects\QuantumCode\src\QuantumCode.Common\bin\Release\QuantumCode.Common.dll" />
    </Deployment>
    <TestTypeSpecific />
  </TestRunConfiguration>
  <ResultSummary outcome="Completed">
    <Counters total="1" executed="1" passed="1" error="0" failed="0" timeout="0" aborted="0" inconclusive="0" passedButRunAborted="0" notRunnable="0" notExecuted="0" disconnected="0" warning="0" completed="0" inProgress="0" pending="0" />
  </ResultSummary>
  <Times creation="2011-03-17T00:38:41.8452542+08:00" queuing="2011-03-17T00:38:42.1372709+08:00" start="2011-03-17T00:38:42.1632724+08:00" finish="2011-03-17T00:38:42.7213043+08:00" />
  <TestDefinitions>
    <UnitTest name="TestMethod1" storage="l:\projects\quantumcode\test\quantumcode.common.test\bin\release\quantumcode.common.test.dll" id="21d8299f-c039-28d8-25cb-fdf61fd7da9b">
      <Css projectStructure="" iteration="" />
      <Owners>
        <Owner name="" />
      </Owners>
      <Execution id="c424fa16-ef42-4ea7-a788-2be02ff0ef0e" />
      <TestMethod codeBase="L:\Projects\QuantumCode\test\QuantumCode.Common.Test\bin\Release\QuantumCode.Common.Test.dll" adapterTypeName="Microsoft.VisualStudio.TestTools.TestTypes.Unit.UnitTestAdapter, Microsoft.VisualStudio.QualityTools.Tips.UnitTest.Adapter, Version=9.0.0.0, Culture=neutral, PublicKeyToken=b03f5f7f11d50a3a" className="QuantumCode.Common.Test.UnitTest1, QuantumCode.Common.Test" name="TestMethod1" />
    </UnitTest>
  </TestDefinitions>
  <TestLists>
    <TestList name="Results Not in a List" id="8c84fa94-04c1-424b-9868-57a2d4851a1d" />
    <TestList name="All Loaded Results" id="19431567-8539-422a-85d7-44ee4e166bda" />
  </TestLists>
  <TestEntries>
    <TestEntry testId="21d8299f-c039-28d8-25cb-fdf61fd7da9b" executionId="c424fa16-ef42-4ea7-a788-2be02ff0ef0e" testListId="8c84fa94-04c1-424b-9868-57a2d4851a1d" />
  </TestEntries>
  <Results>
    <UnitTestResult executionId="c424fa16-ef42-4ea7-a788-2be02ff0ef0e" testId="21d8299f-c039-28d8-25cb-fdf61fd7da9b" testName="TestMethod1" computerName="JACKFANG-PC" duration="00:00:00.0143902" startTime="2011-03-17T00:38:42.1682727+08:00" endTime="2011-03-17T00:38:42.7003031+08:00" testType="13cdc9d9-ddb5-4fa4-a97d-d965ccfc6d4b" outcome="Passed" testListId="8c84fa94-04c1-424b-9868-57a2d4851a1d">
      <Output>
        <StdOut>test1
test2
test3</StdOut>
      </Output>
    </UnitTestResult>
  </Results>
</TestRun>