<?xml version="1.0" encoding="UTF-8"?>
<TestRun id="85cf8c39-60cb-4cbe-ae0a-da14139cb1b7" name="Jack Fang@JACKFANG-PC 2011-03-25 00:25:42" runUser="JackFang-PC\Jack Fang" xmlns="http://microsoft.com/schemas/VisualStudio/TeamTest/2006">
  <TestRunConfiguration name="Local Test Run" id="a7e9a9a2-7ee6-4cc6-bee2-280ee5137526">
    <Description>This is a default test run configuration for a local test run.</Description>
    <Deployment runDeploymentRoot="L:\Projects\QuantumCode\src\QuantumCode.WinForm.Plugin\TestResults\Jack Fang_JACKFANG-PC 2011-03-25 00_25_42">
      <DeploymentItem filename="L:\Projects\QuantumCode\src\QuantumCode.Common\bin\Debug\QuantumCode.Common.dll" />
    </Deployment>
    <TestTypeSpecific />
  </TestRunConfiguration>
  <ResultSummary outcome="Completed">
    <Counters total="1" executed="1" passed="1" error="0" failed="0" timeout="0" aborted="0" inconclusive="0" passedButRunAborted="0" notRunnable="0" notExecuted="0" disconnected="0" warning="0" completed="0" inProgress="0" pending="0" />
  </ResultSummary>
  <Times creation="2011-03-25T00:25:42.8690577+08:00" queuing="2011-03-25T00:25:43.8231123+08:00" start="2011-03-25T00:25:44.4591487+08:00" finish="2011-03-25T00:25:46.0072372+08:00" />
  <TestDefinitions>
    <UnitTest name="TestMethod2" storage="l:\projects\quantumcode\test\quantumcode.common.test\bin\debug\quantumcode.common.test.dll" id="f4b8952c-51f2-5b90-2b18-f5ac87f6ef44">
      <Css projectStructure="" iteration="" />
      <Owners>
        <Owner name="" />
      </Owners>
      <Execution id="2ece8acd-8fd8-4c65-af75-981bf3cc48bd" />
      <TestMethod codeBase="L:\Projects\QuantumCode\test\QuantumCode.Common.Test\bin\Debug\QuantumCode.Common.Test.dll" adapterTypeName="Microsoft.VisualStudio.TestTools.TestTypes.Unit.UnitTestAdapter, Microsoft.VisualStudio.QualityTools.Tips.UnitTest.Adapter, Version=9.0.0.0, Culture=neutral, PublicKeyToken=b03f5f7f11d50a3a" className="QuantumCode.Common.Test.UnitTest1, QuantumCode.Common.Test" name="TestMethod2" />
    </UnitTest>
  </TestDefinitions>
  <TestLists>
    <TestList name="Results Not in a List" id="8c84fa94-04c1-424b-9868-57a2d4851a1d" />
    <TestList name="All Loaded Results" id="19431567-8539-422a-85d7-44ee4e166bda" />
  </TestLists>
  <TestEntries>
    <TestEntry testId="f4b8952c-51f2-5b90-2b18-f5ac87f6ef44" executionId="2ece8acd-8fd8-4c65-af75-981bf3cc48bd" testListId="8c84fa94-04c1-424b-9868-57a2d4851a1d" />
  </TestEntries>
  <Results>
    <UnitTestResult executionId="2ece8acd-8fd8-4c65-af75-981bf3cc48bd" testId="f4b8952c-51f2-5b90-2b18-f5ac87f6ef44" testName="TestMethod2" computerName="JACKFANG-PC" duration="00:00:00.0485317" startTime="2011-03-25T00:25:44.5881560+08:00" endTime="2011-03-25T00:25:45.7132204+08:00" testType="13cdc9d9-ddb5-4fa4-a97d-d965ccfc6d4b" outcome="Passed" testListId="8c84fa94-04c1-424b-9868-57a2d4851a1d">
      <Output>
      </Output>
    </UnitTestResult>
  </Results>
</TestRun>